## Run Log: 2026-09-10
### Cron Job: Affiliate Content Agent

**Status:** ✅ Completed successfully
**Products researched:** 3 drip irrigation kits (new category)
**Content generated:** 3 reviews
**Word counts:**
- CARPATHEN Drip Irrigation System Kit: 725 words
- HIRALIY 50ft Drip Irrigation Kit: 668 words
- MIXC 100ft Drip Irrigation System with 360° Brass Nozzles: 726 words

**Products skipped:** None
**Products failed:** None

**Data collection:**
- Source: Amazon best-seller rankings for drip irrigation complete kits
- Cross-referenced: knowledgelib.io comparison, factsforhealth.org reviews, kayalcambria.com reviews, ASIN insight data

**Metrics updated:** 3 new rows in metrics.csv
**Git status:** ✅ Committed to master (4 files changed, 182 insertions)

**Publish script:**
- Git add/commit: ✅ Done
- Hugo build: ⚠️ Skipped (not available in cron environment)
- rsync to server: ⚠️ Skipped (server access not configured for cron)

**Log file:** Created at C:/Users/chris/social-affiliate/logs/run-2026-09-10.log

---
